social.are
asgardian.hlp
olc.hlp
rot.are
help.are
mobprg.hlp
sedit.hlp
limbo.are
arena.are
plains.are
ofcol2.are
air.are
shire.are
immort.are
hitower.are
gnome.are
wyvern.are
catacomb.are
draconia.are
mahntor.are
midgaard.are
chapel.are
midennir.are
grave.are
school.are
fanatics.are
moria.are
museum.are
eastern.are
thalos.are
mirror.are
ofcol.are
aarak.are
shadows.are
haon.are
dwarven.are
sewer.are
astral.are
valley.are
redferne.are
mega1.are
marsh.are
mirkwood.are
grove.are
dylan.are
canyon.are
newthalos.are
tohell.are
divsouls.are
dark.are
drakyri.are
stonebow.are
sacrifice.are
pirate.are
titan.are
land.are
morgue.are
under2.are
mansion.are
undrwrld.are
harrowh.are
saltmarsh.are
eros.are
fortress.are
temple.are
clans.are
ffantasy.are
crystal.are
troy.are
objects.are
olympus.are
anon.are
cloudymt.are
elvandar.are
freeport.are
mutant.are
plords.are
solace.are
empar.are
typhon.are
facademy.are
iquest.are
castlee.are
fields.are
enoch.are
sanct.are
valland.are
kingdom.are
underpas.are
coastlin.are
forill.are
sabridge.are
frgotten.are
archvill.are
ghstship.are
blackwtr.are
drvnshld.are
sanudsrt.are
gwoodfor.are
hallhero.are
hopefear.are
box.are
murdoc.are
tunnels.are
trdcontn.are
illyrian.are
tien.are
eragon.are
$
