social.are
asgardian.hlp
olc.hlp
rot.are
help.are
mobprg.hlp
sedit.hlp
limbo.are
arena.are
plains.are
ofcol2.are
air.are
shire.are
immort.are
hitower.are
gnome.are
gauntlet.are
wyvern.are
catacomb.are
draconia.are
mahntor.are
midgaard.are
chapel.are
midennir.are
grave.are
school.are
fanatics.are
moria.are
museum.are
eastern.are
thalos.are
mirror.are
ofcol.are
aarak.are
shadows.are
haon.are
dwarven.are
sewer.are
astral.are
valley.are
redferne.are
mega1.are
marsh.are
mirkwood.are
grove.are
dylan.are
canyon.are
newthalos.are
tohell.are
divsouls.are
dark.are
drakyri.are
stonebow.are
sacrifice.are
pirate.are
titan.are
land.are
morgue.are
under2.are
mansion.are
undrwrld.are
harrowh.are
saltmarsh.are
eros.are
fortress.are
temple.are
clans.are
ffantasy.are
crystal.are
troy.are
objects.are
olympus.are
anon.are
cloudymt.are
elvandar.are
freeport.are
frgotten.are
mutant.are
plords.are
solace.are
empar.are
typhon.are
facademy.are
castlee.are
fields.are
enoch.are
kingdom.are
underpas.are
coastlin.are
forill.are
sabridge.are
ghstship.are
blackwtr.are
drvnshld.are
sanudsrt.are
gwoodfor.are
hopefear.are
box.are
badlands.are
mysteria.are
colseum.are
sanctuar.are
hallhero.are
lodoss.are
skycast.are
despair.are
qstuff.are
dcextent.are
zyxsare.are
questlnd.are
qland.are
crymine.are
stockmar.are
expanse2.are
iblis2.are
igneel.are
$
